// Jest Snapshot v1, https://goo.gl/fbAQLP

exports[`App.vue renders correctly 1`] = `
<div
  class="app"
  id="app"
>
  <calcpaymentloan-stub />
</div>
`;
